08-05 10:50:22.425  6296  6317 I TestRunner: started: grid_list_content_at_first_position(com.example.dogglers.GridListTests)
08-05 10:50:22.428   402   402 W RanchuHwc: presentDisplay display has no layers to compose, flushing client target buffer.
08-05 10:50:22.431  6296  6317 W Settings: Setting always_finish_activities has moved from android.provider.Settings.System to android.provider.Settings.Global, returning read-only value.
08-05 10:50:22.445   402   402 W RanchuHwc: presentDisplay display has no layers to compose, flushing client target buffer.
08-05 10:50:22.461  6296  6296 D LifecycleMonitor: Lifecycle status change: androidx.test.core.app.InstrumentationActivityInvoker$BootstrapActivity@5df77b in: PRE_ON_CREATE
08-05 10:50:22.461   402   402 W RanchuHwc: presentDisplay display has no layers to compose, flushing client target buffer.
08-05 10:50:22.462  6296  6296 V ActivityScenario: Activity lifecycle changed event received but ignored because the intent does not match. startActivityIntent=Intent { act=android.intent.action.MAIN cat=[android.intent.category.LAUNCHER] cmp=com.example.dogglers/.GridListActivity }, activity.getIntent()=Intent { act=android.intent.action.MAIN cat=[android.intent.category.LAUNCHER] flg=0x10008000 cmp=com.example.dogglers/androidx.test.core.app.InstrumentationActivityInvoker$BootstrapActivity (has extras) }, activity=androidx.test.core.app.InstrumentationActivityInvoker$BootstrapActivity@5df77b
08-05 10:50:22.466   397   438 D goldfish-address-space: claimShared: Ask to claim region [0x3ecc06000 0x3ed56b000]
08-05 10:50:22.470  6296  6296 D LifecycleMonitor: Lifecycle status change: androidx.test.core.app.InstrumentationActivityInvoker$BootstrapActivity@5df77b in: CREATED
08-05 10:50:22.470  6296  6296 V ActivityScenario: Activity lifecycle changed event received but ignored because the intent does not match. startActivityIntent=Intent { act=android.intent.action.MAIN cat=[android.intent.category.LAUNCHER] cmp=com.example.dogglers/.GridListActivity }, activity.getIntent()=Intent { act=android.intent.action.MAIN cat=[android.intent.category.LAUNCHER] flg=0x10008000 cmp=com.example.dogglers/androidx.test.core.app.InstrumentationActivityInvoker$BootstrapActivity (has extras) }, activity=androidx.test.core.app.InstrumentationActivityInvoker$BootstrapActivity@5df77b
08-05 10:50:22.472  6296  6296 D LifecycleMonitor: Lifecycle status change: androidx.test.core.app.InstrumentationActivityInvoker$BootstrapActivity@5df77b in: STARTED
08-05 10:50:22.472  6296  6296 V ActivityScenario: Activity lifecycle changed event received but ignored because the intent does not match. startActivityIntent=Intent { act=android.intent.action.MAIN cat=[android.intent.category.LAUNCHER] cmp=com.example.dogglers/.GridListActivity }, activity.getIntent()=Intent { act=android.intent.action.MAIN cat=[android.intent.category.LAUNCHER] flg=0x10008000 cmp=com.example.dogglers/androidx.test.core.app.InstrumentationActivityInvoker$BootstrapActivity (has extras) }, activity=androidx.test.core.app.InstrumentationActivityInvoker$BootstrapActivity@5df77b
08-05 10:50:22.478   397   438 D goldfish-address-space: claimShared: Ask to claim region [0x3ed56b000 0x3eded0000]
08-05 10:50:22.478   402   402 W RanchuHwc: presentDisplay display has no layers to compose, flushing client target buffer.
08-05 10:50:22.480   397   438 D goldfish-address-space: claimShared: Ask to claim region [0x3f0000000 0x3f0965000]
08-05 10:50:22.486  6296  6296 D LifecycleMonitor: Lifecycle status change: androidx.test.core.app.InstrumentationActivityInvoker$BootstrapActivity@5df77b in: RESUMED
08-05 10:50:22.487  6296  6296 V ActivityScenario: Activity lifecycle changed event received but ignored because the intent does not match. startActivityIntent=Intent { act=android.intent.action.MAIN cat=[android.intent.category.LAUNCHER] cmp=com.example.dogglers/.GridListActivity }, activity.getIntent()=Intent { act=android.intent.action.MAIN cat=[android.intent.category.LAUNCHER] flg=0x10008000 cmp=com.example.dogglers/androidx.test.core.app.InstrumentationActivityInvoker$BootstrapActivity (has extras) }, activity=androidx.test.core.app.InstrumentationActivityInvoker$BootstrapActivity@5df77b
08-05 10:50:22.489  6296  6296 D LifecycleMonitor: Lifecycle status change: androidx.test.core.app.InstrumentationActivityInvoker$BootstrapActivity@5df77b in: PAUSED
08-05 10:50:22.489  6296  6296 V ActivityScenario: Activity lifecycle changed event received but ignored because the intent does not match. startActivityIntent=Intent { act=android.intent.action.MAIN cat=[android.intent.category.LAUNCHER] cmp=com.example.dogglers/.GridListActivity }, activity.getIntent()=Intent { act=android.intent.action.MAIN cat=[android.intent.category.LAUNCHER] flg=0x10008000 cmp=com.example.dogglers/androidx.test.core.app.InstrumentationActivityInvoker$BootstrapActivity (has extras) }, activity=androidx.test.core.app.InstrumentationActivityInvoker$BootstrapActivity@5df77b
08-05 10:50:22.492   788   949 W Parcel  : Expecting binder but got null!
08-05 10:50:22.495   402   402 W RanchuHwc: presentDisplay display has no layers to compose, flushing client target buffer.
08-05 10:50:22.500  6296  6296 D LifecycleMonitor: Lifecycle status change: com.example.dogglers.GridListActivity@a771229 in: PRE_ON_CREATE
08-05 10:50:22.501  6296  6296 V ActivityScenario: Activity lifecycle changed event received but ignored because the reported transition was not ON_CREATE while the last known transition was PRE_ON_CREATE
08-05 10:50:22.511   402   402 W RanchuHwc: presentDisplay display has no layers to compose, flushing client target buffer.
08-05 10:50:22.522  6296  6296 D LifecycleMonitor: Lifecycle status change: com.example.dogglers.GridListActivity@a771229 in: CREATED
08-05 10:50:22.523  6296  6296 V ActivityScenario: Update currentActivityStage to CREATED, currentActivity=com.example.dogglers.GridListActivity@a771229
08-05 10:50:22.524  6296  6296 D LifecycleMonitor: Lifecycle status change: com.example.dogglers.GridListActivity@a771229 in: STARTED
08-05 10:50:22.524  6296  6296 V ActivityScenario: Update currentActivityStage to STARTED, currentActivity=com.example.dogglers.GridListActivity@a771229
08-05 10:50:22.526  6296  6296 D LifecycleMonitor: Lifecycle status change: com.example.dogglers.GridListActivity@a771229 in: RESUMED
08-05 10:50:22.526  6296  6296 V ActivityScenario: Update currentActivityStage to RESUMED, currentActivity=com.example.dogglers.GridListActivity@a771229
08-05 10:50:22.527   402   402 W RanchuHwc: presentDisplay display has no layers to compose, flushing client target buffer.
08-05 10:50:22.534  6296  6296 D LifecycleMonitor: Lifecycle status change: androidx.test.core.app.InstrumentationActivityInvoker$BootstrapActivity@5df77b in: STOPPED
08-05 10:50:22.535  6296  6296 V ActivityScenario: Activity lifecycle changed event received but ignored because the intent does not match. startActivityIntent=Intent { act=android.intent.action.MAIN cat=[android.intent.category.LAUNCHER] cmp=com.example.dogglers/.GridListActivity }, activity.getIntent()=Intent { act=android.intent.action.MAIN cat=[android.intent.category.LAUNCHER] flg=0x10008000 cmp=com.example.dogglers/androidx.test.core.app.InstrumentationActivityInvoker$BootstrapActivity (has extras) }, activity=androidx.test.core.app.InstrumentationActivityInvoker$BootstrapActivity@5df77b
08-05 10:50:22.545   402   402 W RanchuHwc: presentDisplay display has no layers to compose, flushing client target buffer.
08-05 10:50:22.547  1336  1336 I GsaVoiceInteractionSrv: Handling ACTION_STOP_HOTWORD
08-05 10:50:22.548  1336  1753 E HwDetectorWithState: a: 3
08-05 10:50:22.552   397   438 D goldfish-address-space: claimShared: Ask to claim region [0x3f1c2f000 0x3f2594000]
08-05 10:50:22.558   397   438 D goldfish-address-space: claimShared: Ask to claim region [0x3f52ca000 0x3f5c2f000]
08-05 10:50:22.560   397   438 D goldfish-address-space: claimShared: Ask to claim region [0x3f5c2f000 0x3f6594000]
08-05 10:50:22.562   402   402 W RanchuHwc: presentDisplay display has no layers to compose, flushing client target buffer.
08-05 10:50:22.579   402   402 W RanchuHwc: presentDisplay display has no layers to compose, flushing client target buffer.
08-05 10:50:22.595   402   402 W RanchuHwc: presentDisplay display has no layers to compose, flushing client target buffer.
08-05 10:50:22.611   402   402 W RanchuHwc: presentDisplay display has no layers to compose, flushing client target buffer.
08-05 10:50:22.628   402   402 W RanchuHwc: presentDisplay display has no layers to compose, flushing client target buffer.
08-05 10:50:22.645   402   402 W RanchuHwc: presentDisplay display has no layers to compose, flushing client target buffer.
08-05 10:50:22.652  6296  6319 W Parcel  : Expecting binder but got null!
08-05 10:50:22.657   598   623 W ziparchive: Unable to open '/data/app/~~N5HgUPdAqmyeEzVPPuxkkQ==/com.example.dogglers-mWtP4G6-bAoNQ-wX51npqA==/base.dm': No such file or directory
08-05 10:50:22.659   598   623 I ActivityTaskManager: Displayed com.example.dogglers/.GridListActivity: +220ms
08-05 10:50:22.662  6296  6296 D RootViewPicker: Root not ready - waiting: 10ms for one to appear.
08-05 10:50:22.663   402   402 W RanchuHwc: presentDisplay display has no layers to compose, flushing client target buffer.
08-05 10:50:22.667  1263  1263 I GoogleInputMethodService: GoogleInputMethodService.onFinishInput():3204
08-05 10:50:22.668  1263  1263 I GoogleInputMethodService: GoogleInputMethodService.updateDeviceLockedStatus():2100 checkRepeatedly = false, unlocked = true
08-05 10:50:22.668  1263  1263 I GoogleInputMethodService: GoogleInputMethodService.onStartInput():1903 onStartInput(EditorInfo{inputType=0x0(NULL) imeOptions=0x0 privateImeOptions=null actionName=UNSPECIFIED actionLabel=null actionId=0 initialSelStart=-1 initialSelEnd=-1 initialCapsMode=0x0 hintText=null label=null packageName=com.example.dogglers fieldId=-1 fieldName=null extras=null}, false)
08-05 10:50:22.668  1263  1263 I GoogleInputMethodService: GoogleInputMethodService.updateDeviceLockedStatus():2100 checkRepeatedly = true, unlocked = true
08-05 10:50:22.691   402   402 W RanchuHwc: presentDisplay display has no layers to compose, flushing client target buffer.
08-05 10:50:22.696  6296  6296 I ViewInteraction: Checking 'MatchesViewAssertion{viewMatcher=(view has effective visibility <VISIBLE> and view.getGlobalVisibleRect() to return non-empty rectangle)}' assertion on view an instance of android.widget.TextView and view.getText() with or without transformation to match: is "Tzeitel"
08-05 10:50:22.700  6296  6296 I ViewInteraction: Checking 'MatchesViewAssertion{viewMatcher=(view has effective visibility <VISIBLE> and view.getGlobalVisibleRect() to return non-empty rectangle)}' assertion on view an instance of android.widget.TextView and view.getText() with or without transformation to match: is "Age: 7"
08-05 10:50:22.704  6296  6296 I ViewInteraction: Checking 'MatchesViewAssertion{viewMatcher=(view has effective visibility <VISIBLE> and view.getGlobalVisibleRect() to return non-empty rectangle)}' assertion on view an instance of android.widget.TextView and view.getText() with or without transformation to match: is "Hobbies: sunbathing"
08-05 10:50:22.705   402   402 W RanchuHwc: presentDisplay display has no layers to compose, flushing client target buffer.
08-05 10:50:22.718   402   402 W RanchuHwc: presentDisplay display has no layers to compose, flushing client target buffer.
08-05 10:50:22.731   402   402 W RanchuHwc: presentDisplay display has no layers to compose, flushing client target buffer.
08-05 10:50:22.745   402   402 W RanchuHwc: presentDisplay display has no layers to compose, flushing client target buffer.
08-05 10:50:22.762   402   402 W RanchuHwc: presentDisplay display has no layers to compose, flushing client target buffer.
08-05 10:50:22.777   402   402 W RanchuHwc: presentDisplay display has no layers to compose, flushing client target buffer.
08-05 10:50:22.794   402   402 W RanchuHwc: presentDisplay display has no layers to compose, flushing client target buffer.
08-05 10:50:22.811   402   402 W RanchuHwc: presentDisplay display has no layers to compose, flushing client target buffer.
08-05 10:50:22.827   402   402 W RanchuHwc: presentDisplay display has no layers to compose, flushing client target buffer.
08-05 10:50:22.844   402   402 W RanchuHwc: presentDisplay display has no layers to compose, flushing client target buffer.
08-05 10:50:22.861   402   402 W RanchuHwc: presentDisplay display has no layers to compose, flushing client target buffer.
08-05 10:50:22.876   402   402 W RanchuHwc: presentDisplay display has no layers to compose, flushing client target buffer.
08-05 10:50:22.894   402   402 W RanchuHwc: presentDisplay display has no layers to compose, flushing client target buffer.
08-05 10:50:22.910   402   402 W RanchuHwc: presentDisplay display has no layers to compose, flushing client target buffer.
08-05 10:50:22.927   402   402 W RanchuHwc: presentDisplay display has no layers to compose, flushing client target buffer.
08-05 10:50:22.943   402   402 W RanchuHwc: presentDisplay display has no layers to compose, flushing client target buffer.
08-05 10:50:22.960   402   402 W RanchuHwc: presentDisplay display has no layers to compose, flushing client target buffer.
08-05 10:50:22.964  6296  6296 I ViewInteraction: Checking 'MatchesViewAssertion{viewMatcher=(view has effective visibility <VISIBLE> and view.getGlobalVisibleRect() to return non-empty rectangle)}' assertion on view has drawable resource 2131165345
08-05 10:50:22.965   598  1930 W InputManager-JNI: Input channel object 'b269750 Splash Screen com.example.dogglers (client)' was disposed without first being removed with the input manager!
08-05 10:50:22.974  6296  6296 D LifecycleMonitor: Lifecycle status change: com.example.dogglers.GridListActivity@a771229 in: PAUSED
08-05 10:50:22.974  6296  6296 V ActivityScenario: Update currentActivityStage to PAUSED, currentActivity=com.example.dogglers.GridListActivity@a771229
08-05 10:50:22.981  6296  6296 D LifecycleMonitor: Lifecycle status change: androidx.test.core.app.InstrumentationActivityInvoker$EmptyActivity@32d1acf in: PRE_ON_CREATE
08-05 10:50:22.981  6296  6296 V ActivityScenario: Activity lifecycle changed event received but ignored because the intent does not match. startActivityIntent=Intent { act=android.intent.action.MAIN cat=[android.intent.category.LAUNCHER] cmp=com.example.dogglers/.GridListActivity }, activity.getIntent()=Intent { act=android.intent.action.MAIN cat=[android.intent.category.LAUNCHER] flg=0x10000000 cmp=com.example.dogglers/androidx.test.core.app.InstrumentationActivityInvoker$EmptyActivity }, activity=androidx.test.core.app.InstrumentationActivityInvoker$EmptyActivity@32d1acf
08-05 10:50:22.981   402   402 W RanchuHwc: presentDisplay display has no layers to compose, flushing client target buffer.
08-05 10:50:22.987  6296  6296 D LifecycleMonitor: Lifecycle status change: androidx.test.core.app.InstrumentationActivityInvoker$EmptyActivity@32d1acf in: CREATED
08-05 10:50:22.988  6296  6296 V ActivityScenario: Activity lifecycle changed event received but ignored because the intent does not match. startActivityIntent=Intent { act=android.intent.action.MAIN cat=[android.intent.category.LAUNCHER] cmp=com.example.dogglers/.GridListActivity }, activity.getIntent()=Intent { act=android.intent.action.MAIN cat=[android.intent.category.LAUNCHER] flg=0x10000000 cmp=com.example.dogglers/androidx.test.core.app.InstrumentationActivityInvoker$EmptyActivity }, activity=androidx.test.core.app.InstrumentationActivityInvoker$EmptyActivity@32d1acf
08-05 10:50:22.989  6296  6296 D LifecycleMonitor: Lifecycle status change: androidx.test.core.app.InstrumentationActivityInvoker$EmptyActivity@32d1acf in: STARTED
08-05 10:50:22.989  6296  6296 V ActivityScenario: Activity lifecycle changed event received but ignored because the intent does not match. startActivityIntent=Intent { act=android.intent.action.MAIN cat=[android.intent.category.LAUNCHER] cmp=com.example.dogglers/.GridListActivity }, activity.getIntent()=Intent { act=android.intent.action.MAIN cat=[android.intent.category.LAUNCHER] flg=0x10000000 cmp=com.example.dogglers/androidx.test.core.app.InstrumentationActivityInvoker$EmptyActivity }, activity=androidx.test.core.app.InstrumentationActivityInvoker$EmptyActivity@32d1acf
08-05 10:50:22.991  6296  6296 D LifecycleMonitor: Lifecycle status change: androidx.test.core.app.InstrumentationActivityInvoker$EmptyActivity@32d1acf in: RESUMED
08-05 10:50:22.991  6296  6296 V ActivityScenario: Activity lifecycle changed event received but ignored because the intent does not match. startActivityIntent=Intent { act=android.intent.action.MAIN cat=[android.intent.category.LAUNCHER] cmp=com.example.dogglers/.GridListActivity }, activity.getIntent()=Intent { act=android.intent.action.MAIN cat=[android.intent.category.LAUNCHER] flg=0x10000000 cmp=com.example.dogglers/androidx.test.core.app.InstrumentationActivityInvoker$EmptyActivity }, activity=androidx.test.core.app.InstrumentationActivityInvoker$EmptyActivity@32d1acf
08-05 10:50:22.994   402   402 W RanchuHwc: presentDisplay display has no layers to compose, flushing client target buffer.
08-05 10:50:23.010   402   402 W RanchuHwc: presentDisplay display has no layers to compose, flushing client target buffer.
08-05 10:50:23.019   397   438 D goldfish-address-space: claimShared: Ask to claim region [0x3eded0000 0x3ee835000]
08-05 10:50:23.023   397   438 D goldfish-address-space: claimShared: Ask to claim region [0x3f12ca000 0x3f1c2f000]
08-05 10:50:23.024   397   438 D goldfish-address-space: claimShared: Ask to claim region [0x3f319a000 0x3f3aff000]
08-05 10:50:23.027  6296  6319 W Parcel  : Expecting binder but got null!
08-05 10:50:23.027   402   402 W RanchuHwc: presentDisplay display has no layers to compose, flushing client target buffer.
08-05 10:50:23.029   598   623 I ActivityTaskManager: Displayed com.example.dogglers/androidx.test.core.app.InstrumentationActivityInvoker$EmptyActivity: +59ms
08-05 10:50:23.036  6296  6296 D LifecycleMonitor: Lifecycle status change: com.example.dogglers.GridListActivity@a771229 in: STOPPED
08-05 10:50:23.036  6296  6296 V ActivityScenario: Update currentActivityStage to STOPPED, currentActivity=com.example.dogglers.GridListActivity@a771229
08-05 10:50:23.038  6296  6296 D LifecycleMonitor: Lifecycle status change: com.example.dogglers.GridListActivity@a771229 in: DESTROYED
08-05 10:50:23.038  6296  6296 V ActivityScenario: Update currentActivityStage to DESTROYED, currentActivity=null
08-05 10:50:23.044   598   851 W InputManager-JNI: Input channel object '3c3297b com.example.dogglers/com.example.dogglers.GridListActivity (client)' was disposed without first being removed with the input manager!
08-05 10:50:23.046   402   402 W RanchuHwc: presentDisplay display has no layers to compose, flushing client target buffer.
08-05 10:50:23.050  6296  6296 D LifecycleMonitor: Lifecycle status change: androidx.test.core.app.InstrumentationActivityInvoker$EmptyActivity@32d1acf in: PAUSED
08-05 10:50:23.050  6296  6296 V ActivityScenario: Activity lifecycle changed event received but ignored because the intent does not match. startActivityIntent=Intent { act=android.intent.action.MAIN cat=[android.intent.category.LAUNCHER] cmp=com.example.dogglers/.GridListActivity }, activity.getIntent()=Intent { act=android.intent.action.MAIN cat=[android.intent.category.LAUNCHER] flg=0x10000000 cmp=com.example.dogglers/androidx.test.core.app.InstrumentationActivityInvoker$EmptyActivity }, activity=androidx.test.core.app.InstrumentationActivityInvoker$EmptyActivity@32d1acf
08-05 10:50:23.056  1263  1263 I GoogleInputMethodService: GoogleInputMethodService.onFinishInput():3204
08-05 10:50:23.057  1263  1263 I GoogleInputMethodService: GoogleInputMethodService.updateDeviceLockedStatus():2100 checkRepeatedly = false, unlocked = true
08-05 10:50:23.057  6296  6296 D LifecycleMonitor: Lifecycle status change: androidx.test.core.app.InstrumentationActivityInvoker$BootstrapActivity@5df77b in: DESTROYED
08-05 10:50:23.057  1263  1263 I GoogleInputMethodService: GoogleInputMethodService.onStartInput():1903 onStartInput(EditorInfo{inputType=0x0(NULL) imeOptions=0x0 privateImeOptions=null actionName=UNSPECIFIED actionLabel=null actionId=0 initialSelStart=-1 initialSelEnd=-1 initialCapsMode=0x0 hintText=null label=null packageName=com.example.dogglers fieldId=-1 fieldName=null extras=null}, false)
08-05 10:50:23.057  6296  6296 V ActivityScenario: Activity lifecycle changed event received but ignored because the intent does not match. startActivityIntent=Intent { act=android.intent.action.MAIN cat=[android.intent.category.LAUNCHER] cmp=com.example.dogglers/.GridListActivity }, activity.getIntent()=Intent { act=android.intent.action.MAIN cat=[android.intent.category.LAUNCHER] flg=0x10008000 cmp=com.example.dogglers/androidx.test.core.app.InstrumentationActivityInvoker$BootstrapActivity (has extras) }, activity=androidx.test.core.app.InstrumentationActivityInvoker$BootstrapActivity@5df77b
08-05 10:50:23.058  1263  1263 I GoogleInputMethodService: GoogleInputMethodService.updateDeviceLockedStatus():2100 checkRepeatedly = true, unlocked = true
08-05 10:50:23.061   402   402 W RanchuHwc: presentDisplay display has no layers to compose, flushing client target buffer.
08-05 10:50:23.063  6296  6296 D LifecycleMonitor: Lifecycle status change: androidx.test.core.app.InstrumentationActivityInvoker$EmptyActivity@1f055bf in: PRE_ON_CREATE
08-05 10:50:23.063  6296  6296 V ActivityScenario: Activity lifecycle changed event received but ignored because the intent does not match. startActivityIntent=Intent { act=android.intent.action.MAIN cat=[android.intent.category.LAUNCHER] cmp=com.example.dogglers/.GridListActivity }, activity.getIntent()=Intent { act=android.intent.action.MAIN cat=[android.intent.category.LAUNCHER] flg=0x10000000 cmp=com.example.dogglers/androidx.test.core.app.InstrumentationActivityInvoker$EmptyActivity }, activity=androidx.test.core.app.InstrumentationActivityInvoker$EmptyActivity@1f055bf
08-05 10:50:23.071  6296  6296 D LifecycleMonitor: Lifecycle status change: androidx.test.core.app.InstrumentationActivityInvoker$EmptyActivity@1f055bf in: CREATED
08-05 10:50:23.071  6296  6296 V ActivityScenario: Activity lifecycle changed event received but ignored because the intent does not match. startActivityIntent=Intent { act=android.intent.action.MAIN cat=[android.intent.category.LAUNCHER] cmp=com.example.dogglers/.GridListActivity }, activity.getIntent()=Intent { act=android.intent.action.MAIN cat=[android.intent.category.LAUNCHER] flg=0x10000000 cmp=com.example.dogglers/androidx.test.core.app.InstrumentationActivityInvoker$EmptyActivity }, activity=androidx.test.core.app.InstrumentationActivityInvoker$EmptyActivity@1f055bf
08-05 10:50:23.072  6296  6296 D LifecycleMonitor: Lifecycle status change: androidx.test.core.app.InstrumentationActivityInvoker$EmptyActivity@1f055bf in: STARTED
08-05 10:50:23.072  6296  6296 V ActivityScenario: Activity lifecycle changed event received but ignored because the intent does not match. startActivityIntent=Intent { act=android.intent.action.MAIN cat=[android.intent.category.LAUNCHER] cmp=com.example.dogglers/.GridListActivity }, activity.getIntent()=Intent { act=android.intent.action.MAIN cat=[android.intent.category.LAUNCHER] flg=0x10000000 cmp=com.example.dogglers/androidx.test.core.app.InstrumentationActivityInvoker$EmptyActivity }, activity=androidx.test.core.app.InstrumentationActivityInvoker$EmptyActivity@1f055bf
08-05 10:50:23.074  6296  6296 D LifecycleMonitor: Lifecycle status change: androidx.test.core.app.InstrumentationActivityInvoker$EmptyActivity@1f055bf in: RESUMED
08-05 10:50:23.074  6296  6296 V ActivityScenario: Activity lifecycle changed event received but ignored because the intent does not match. startActivityIntent=Intent { act=android.intent.action.MAIN cat=[android.intent.category.LAUNCHER] cmp=com.example.dogglers/.GridListActivity }, activity.getIntent()=Intent { act=android.intent.action.MAIN cat=[android.intent.category.LAUNCHER] flg=0x10000000 cmp=com.example.dogglers/androidx.test.core.app.InstrumentationActivityInvoker$EmptyActivity }, activity=androidx.test.core.app.InstrumentationActivityInvoker$EmptyActivity@1f055bf
08-05 10:50:23.077   402   402 W RanchuHwc: presentDisplay display has no layers to compose, flushing client target buffer.
08-05 10:50:23.094   402   402 W RanchuHwc: presentDisplay display has no layers to compose, flushing client target buffer.
08-05 10:50:23.101   397   438 D goldfish-address-space: claimShared: Ask to claim region [0x3ed56b000 0x3eded0000]
08-05 10:50:23.104   397   438 D goldfish-address-space: claimShared: Ask to claim region [0x3f0000000 0x3f0965000]
08-05 10:50:23.106   397   438 D goldfish-address-space: claimShared: Ask to claim region [0x3f1c2f000 0x3f2594000]
08-05 10:50:23.107  6296  6319 W Parcel  : Expecting binder but got null!
08-05 10:50:23.110   598   623 I ActivityTaskManager: Displayed com.example.dogglers/androidx.test.core.app.InstrumentationActivityInvoker$EmptyActivity: +74ms
08-05 10:50:23.112   402   402 W RanchuHwc: presentDisplay display has no layers to compose, flushing client target buffer.
08-05 10:50:23.118   397   438 D goldfish-address-space: claimShared: Ask to claim region [0x3f2594000 0x3f2b97000]
08-05 10:50:23.130   402   402 W RanchuHwc: presentDisplay display has no layers to compose, flushing client target buffer.
08-05 10:50:23.133  6296  6296 D LifecycleMonitor: Lifecycle status change: androidx.test.core.app.InstrumentationActivityInvoker$EmptyActivity@32d1acf in: STOPPED
08-05 10:50:23.133  6296  6296 V ActivityScenario: Activity lifecycle changed event received but ignored because the intent does not match. startActivityIntent=Intent { act=android.intent.action.MAIN cat=[android.intent.category.LAUNCHER] cmp=com.example.dogglers/.GridListActivity }, activity.getIntent()=Intent { act=android.intent.action.MAIN cat=[android.intent.category.LAUNCHER] flg=0x10000000 cmp=com.example.dogglers/androidx.test.core.app.InstrumentationActivityInvoker$EmptyActivity }, activity=androidx.test.core.app.InstrumentationActivityInvoker$EmptyActivity@32d1acf
08-05 10:50:23.135  6296  6296 D LifecycleMonitor: Lifecycle status change: androidx.test.core.app.InstrumentationActivityInvoker$EmptyActivity@32d1acf in: DESTROYED
08-05 10:50:23.135  6296  6296 V ActivityScenario: Activity lifecycle changed event received but ignored because the intent does not match. startActivityIntent=Intent { act=android.intent.action.MAIN cat=[android.intent.category.LAUNCHER] cmp=com.example.dogglers/.GridListActivity }, activity.getIntent()=Intent { act=android.intent.action.MAIN cat=[android.intent.category.LAUNCHER] flg=0x10000000 cmp=com.example.dogglers/androidx.test.core.app.InstrumentationActivityInvoker$EmptyActivity }, activity=androidx.test.core.app.InstrumentationActivityInvoker$EmptyActivity@32d1acf
08-05 10:50:23.138   598  1930 W InputManager-JNI: Input channel object '5fa172f com.example.dogglers/androidx.test.core.app.InstrumentationActivityInvoker$EmptyActivity (client)' was disposed without first being removed with the input manager!
08-05 10:50:23.144  6296  6296 D LifecycleMonitor: Lifecycle status change: androidx.test.core.app.InstrumentationActivityInvoker$EmptyActivity@1f055bf in: PAUSED
08-05 10:50:23.144  6296  6296 V ActivityScenario: Activity lifecycle changed event received but ignored because the intent does not match. startActivityIntent=Intent { act=android.intent.action.MAIN cat=[android.intent.category.LAUNCHER] cmp=com.example.dogglers/.GridListActivity }, activity.getIntent()=Intent { act=android.intent.action.MAIN cat=[android.intent.category.LAUNCHER] flg=0x10000000 cmp=com.example.dogglers/androidx.test.core.app.InstrumentationActivityInvoker$EmptyActivity }, activity=androidx.test.core.app.InstrumentationActivityInvoker$EmptyActivity@1f055bf
08-05 10:50:23.147   402   402 W RanchuHwc: presentDisplay display has no layers to compose, flushing client target buffer.
08-05 10:50:23.153  1057  1225 D QuickstepModelDelegate: notifyAppTargetEvent action=1 launchLocation=
08-05 10:50:23.158  6296  6317 I TestRunner: finished: grid_list_content_at_first_position(com.example.dogglers.GridListTests)
