08-05 10:50:23.635  6296  6317 I TestRunner: started: recycler_view_item_count(com.example.dogglers.HorizontalListTests)
08-05 10:50:23.636   402   402 W RanchuHwc: presentDisplay display has no layers to compose, flushing client target buffer.
08-05 10:50:23.658   402   402 W RanchuHwc: presentDisplay display has no layers to compose, flushing client target buffer.
08-05 10:50:23.676   402   402 W RanchuHwc: presentDisplay display has no layers to compose, flushing client target buffer.
08-05 10:50:23.693  6296  6317 W Settings: Setting always_finish_activities has moved from android.provider.Settings.System to android.provider.Settings.Global, returning read-only value.
08-05 10:50:23.707   402   402 W RanchuHwc: presentDisplay display has no layers to compose, flushing client target buffer.
08-05 10:50:23.732   402   402 W RanchuHwc: presentDisplay display has no layers to compose, flushing client target buffer.
08-05 10:50:23.748   402   402 W RanchuHwc: presentDisplay display has no layers to compose, flushing client target buffer.
08-05 10:50:23.767   402   402 W RanchuHwc: presentDisplay display has no layers to compose, flushing client target buffer.
08-05 10:50:23.800   402   402 W RanchuHwc: presentDisplay display has no layers to compose, flushing client target buffer.
08-05 10:50:23.820   402   402 W RanchuHwc: presentDisplay display has no layers to compose, flushing client target buffer.
08-05 10:50:23.837   402   402 W RanchuHwc: presentDisplay display has no layers to compose, flushing client target buffer.
08-05 10:50:23.866   402   402 W RanchuHwc: presentDisplay display has no layers to compose, flushing client target buffer.
08-05 10:50:23.896  6296  6296 D LifecycleMonitor: Lifecycle status change: androidx.test.core.app.InstrumentationActivityInvoker$BootstrapActivity@6dd5489 in: PRE_ON_CREATE
08-05 10:50:23.898  6296  6296 V ActivityScenario: Activity lifecycle changed event received but ignored because the intent does not match. startActivityIntent=Intent { act=android.intent.action.MAIN cat=[android.intent.category.LAUNCHER] cmp=com.example.dogglers/.HorizontalListActivity }, activity.getIntent()=Intent { act=android.intent.action.MAIN cat=[android.intent.category.LAUNCHER] flg=0x10008000 cmp=com.example.dogglers/androidx.test.core.app.InstrumentationActivityInvoker$BootstrapActivity (has extras) }, activity=androidx.test.core.app.InstrumentationActivityInvoker$BootstrapActivity@6dd5489
08-05 10:50:23.900   402   402 W RanchuHwc: presentDisplay display has no layers to compose, flushing client target buffer.
08-05 10:50:23.914   402   402 W RanchuHwc: presentDisplay display has no layers to compose, flushing client target buffer.
08-05 10:50:23.927  1336  1336 I GsaVoiceInteractionSrv: Handling ACTION_STOP_HOTWORD
08-05 10:50:23.945   402   402 W RanchuHwc: presentDisplay display has no layers to compose, flushing client target buffer.
08-05 10:50:23.945  1336  1786 E HwDetectorWithState: a: 3
08-05 10:50:23.955  6296  6296 D LifecycleMonitor: Lifecycle status change: androidx.test.core.app.InstrumentationActivityInvoker$BootstrapActivity@6dd5489 in: CREATED
08-05 10:50:23.956  6296  6296 V ActivityScenario: Activity lifecycle changed event received but ignored because the intent does not match. startActivityIntent=Intent { act=android.intent.action.MAIN cat=[android.intent.category.LAUNCHER] cmp=com.example.dogglers/.HorizontalListActivity }, activity.getIntent()=Intent { act=android.intent.action.MAIN cat=[android.intent.category.LAUNCHER] flg=0x10008000 cmp=com.example.dogglers/androidx.test.core.app.InstrumentationActivityInvoker$BootstrapActivity (has extras) }, activity=androidx.test.core.app.InstrumentationActivityInvoker$BootstrapActivity@6dd5489
08-05 10:50:23.956   402   402 W RanchuHwc: presentDisplay display has no layers to compose, flushing client target buffer.
08-05 10:50:23.958  6296  6296 D LifecycleMonitor: Lifecycle status change: androidx.test.core.app.InstrumentationActivityInvoker$BootstrapActivity@6dd5489 in: STARTED
08-05 10:50:23.958  6296  6296 V ActivityScenario: Activity lifecycle changed event received but ignored because the intent does not match. startActivityIntent=Intent { act=android.intent.action.MAIN cat=[android.intent.category.LAUNCHER] cmp=com.example.dogglers/.HorizontalListActivity }, activity.getIntent()=Intent { act=android.intent.action.MAIN cat=[android.intent.category.LAUNCHER] flg=0x10008000 cmp=com.example.dogglers/androidx.test.core.app.InstrumentationActivityInvoker$BootstrapActivity (has extras) }, activity=androidx.test.core.app.InstrumentationActivityInvoker$BootstrapActivity@6dd5489
08-05 10:50:23.965  6296  6296 D LifecycleMonitor: Lifecycle status change: androidx.test.core.app.InstrumentationActivityInvoker$BootstrapActivity@6dd5489 in: RESUMED
08-05 10:50:23.965  6296  6296 V ActivityScenario: Activity lifecycle changed event received but ignored because the intent does not match. startActivityIntent=Intent { act=android.intent.action.MAIN cat=[android.intent.category.LAUNCHER] cmp=com.example.dogglers/.HorizontalListActivity }, activity.getIntent()=Intent { act=android.intent.action.MAIN cat=[android.intent.category.LAUNCHER] flg=0x10008000 cmp=com.example.dogglers/androidx.test.core.app.InstrumentationActivityInvoker$BootstrapActivity (has extras) }, activity=androidx.test.core.app.InstrumentationActivityInvoker$BootstrapActivity@6dd5489
08-05 10:50:23.967  6296  6296 D LifecycleMonitor: Lifecycle status change: androidx.test.core.app.InstrumentationActivityInvoker$BootstrapActivity@6dd5489 in: PAUSED
08-05 10:50:23.967  6296  6296 V ActivityScenario: Activity lifecycle changed event received but ignored because the intent does not match. startActivityIntent=Intent { act=android.intent.action.MAIN cat=[android.intent.category.LAUNCHER] cmp=com.example.dogglers/.HorizontalListActivity }, activity.getIntent()=Intent { act=android.intent.action.MAIN cat=[android.intent.category.LAUNCHER] flg=0x10008000 cmp=com.example.dogglers/androidx.test.core.app.InstrumentationActivityInvoker$BootstrapActivity (has extras) }, activity=androidx.test.core.app.InstrumentationActivityInvoker$BootstrapActivity@6dd5489
08-05 10:50:23.977   402   402 W RanchuHwc: presentDisplay display has no layers to compose, flushing client target buffer.
08-05 10:50:23.979  6296  6296 D LifecycleMonitor: Lifecycle status change: com.example.dogglers.HorizontalListActivity@85302a7 in: PRE_ON_CREATE
08-05 10:50:23.979  6296  6296 V ActivityScenario: Activity lifecycle changed event received but ignored because the reported transition was not ON_CREATE while the last known transition was PRE_ON_CREATE
08-05 10:50:23.994   402   402 W RanchuHwc: presentDisplay display has no layers to compose, flushing client target buffer.
08-05 10:50:23.996   397   431 D goldfish-address-space: claimShared: Ask to claim region [0x3ed56b000 0x3eded0000]
08-05 10:50:24.000  6296  6296 D LifecycleMonitor: Lifecycle status change: com.example.dogglers.HorizontalListActivity@85302a7 in: CREATED
08-05 10:50:24.000  6296  6296 V ActivityScenario: Update currentActivityStage to CREATED, currentActivity=com.example.dogglers.HorizontalListActivity@85302a7
08-05 10:50:24.002  6296  6296 D LifecycleMonitor: Lifecycle status change: com.example.dogglers.HorizontalListActivity@85302a7 in: STARTED
08-05 10:50:24.002  6296  6296 V ActivityScenario: Update currentActivityStage to STARTED, currentActivity=com.example.dogglers.HorizontalListActivity@85302a7
08-05 10:50:24.003  6296  6296 D LifecycleMonitor: Lifecycle status change: com.example.dogglers.HorizontalListActivity@85302a7 in: RESUMED
08-05 10:50:24.003  6296  6296 V ActivityScenario: Update currentActivityStage to RESUMED, currentActivity=com.example.dogglers.HorizontalListActivity@85302a7
08-05 10:50:24.010   397   431 D goldfish-address-space: claimShared: Ask to claim region [0x3f1c2f000 0x3f2594000]
08-05 10:50:24.010   402   402 W RanchuHwc: presentDisplay display has no layers to compose, flushing client target buffer.
08-05 10:50:24.017   397   431 D goldfish-address-space: claimShared: Ask to claim region [0x3f0000000 0x3f0965000]
08-05 10:50:24.021  6296  6296 D LifecycleMonitor: Lifecycle status change: androidx.test.core.app.InstrumentationActivityInvoker$BootstrapActivity@6dd5489 in: STOPPED
08-05 10:50:24.021  6296  6296 V ActivityScenario: Activity lifecycle changed event received but ignored because the intent does not match. startActivityIntent=Intent { act=android.intent.action.MAIN cat=[android.intent.category.LAUNCHER] cmp=com.example.dogglers/.HorizontalListActivity }, activity.getIntent()=Intent { act=android.intent.action.MAIN cat=[android.intent.category.LAUNCHER] flg=0x10008000 cmp=com.example.dogglers/androidx.test.core.app.InstrumentationActivityInvoker$BootstrapActivity (has extras) }, activity=androidx.test.core.app.InstrumentationActivityInvoker$BootstrapActivity@6dd5489
08-05 10:50:25.582   397   438 D goldfish-address-space: claimShared: Ask to claim region [0x3f0965000 0x3f12ca000]
08-05 10:50:25.588   788   949 W Parcel  : Expecting binder but got null!
08-05 10:50:25.590   788   788 I Choreographer: Skipped 93 frames!  The application may be doing too much work on its main thread.
08-05 10:50:25.592   402   402 W RanchuHwc: presentDisplay display has no layers to compose, flushing client target buffer.
08-05 10:50:25.593   397   438 D goldfish-address-space: claimShared: Ask to claim region [0x3f52ca000 0x3f5c2f000]
08-05 10:50:25.600  1057  1057 I Choreographer: Skipped 93 frames!  The application may be doing too much work on its main thread.
08-05 10:50:25.607   788   949 D EGL_emulation: app_time_stats: avg=65.85ms min=1.29ms max=1596.09ms count=31
08-05 10:50:25.611  1057  1446 D EGL_emulation: app_time_stats: avg=17.84ms min=6.64ms max=77.61ms count=34
08-05 10:50:25.615   402   402 W RanchuHwc: presentDisplay display has no layers to compose, flushing client target buffer.
08-05 10:50:25.620   788   805 I OpenGLRenderer: Davey! duration=1702ms; Flags=1, FrameTimelineVsyncId=153676, IntendedVsync=2641473783675, Vsync=2641540450339, InputEventId=0, HandleInputStart=2641556393940, AnimationStart=2641556394751, PerformTraversalsStart=2641556475384, DrawStart=2641608231816, FrameDeadline=2641490450341, FrameInterval=2641556390212, FrameStartTime=16666666, SyncQueued=2641608484751, SyncStart=2641624782689, IssueDrawCommandsStart=2641624858425, SwapBuffers=2641625860440, FrameCompleted=2643192187402, DequeueBufferDuration=13042, QueueBufferDuration=1722936, GpuCompleted=2643192187402, SwapBuffersCompleted=2643186800940, DisplayPresentTime=0, CommandSubmissionCompleted=2641625860440,
08-05 10:50:25.622   397   438 D goldfish-address-space: claimShared: Ask to claim region [0x3f5c2f000 0x3f6594000]
08-05 10:50:25.644   402   402 W RanchuHwc: presentDisplay display has no layers to compose, flushing client target buffer.
08-05 10:50:25.654   788   949 D EGL_emulation: app_time_stats: avg=341.46ms min=1.45ms max=2292.59ms count=7
08-05 10:50:25.664  6296  6319 W Parcel  : Expecting binder but got null!
08-05 10:50:25.671  6296  6296 I Choreographer: Skipped 97 frames!  The application may be doing too much work on its main thread.
08-05 10:50:25.673   402   402 W RanchuHwc: presentDisplay display has no layers to compose, flushing client target buffer.
08-05 10:50:25.679   788   805 I OpenGLRenderer: Davey! duration=1620ms; Flags=0, FrameTimelineVsyncId=153809, IntendedVsync=2641623783669, Vsync=2643173783607, InputEventId=0, HandleInputStart=2643203305373, AnimationStart=2643203306750, PerformTraversalsStart=2643203449135, DrawStart=2643203521106, FrameDeadline=2641657117001, FrameInterval=2643189841748, FrameStartTime=16666666, SyncQueued=2643203547543, SyncStart=2643207151302, IssueDrawCommandsStart=2643207174997, SwapBuffers=2643207591955, FrameCompleted=2643248363418, DequeueBufferDuration=26219018, QueueBufferDuration=14023375, GpuCompleted=2643221993821, SwapBuffersCompleted=2643248363418, DisplayPresentTime=2639094617027, CommandSubmissionCompleted=2643207591955,
08-05 10:50:25.679  1057  4224 I OpenGLRenderer: Davey! duration=1602ms; Flags=0, FrameTimelineVsyncId=153831, IntendedVsync=2641640450335, Vsync=2643190450273, InputEventId=0, HandleInputStart=2643199136504, AnimationStart=2643199137076, PerformTraversalsStart=2643199247238, DrawStart=2643199288254, FrameDeadline=2641673783667, FrameInterval=2643199065659, FrameStartTime=16666666, SyncQueued=2643199386693, SyncStart=2643218479696, IssueDrawCommandsStart=2643218576469, SwapBuffers=2643219569848, FrameCompleted=2643261826192, DequeueBufferDuration=39041209, QueueBufferDuration=156034, GpuCompleted=2643229817921, SwapBuffersCompleted=2643261826192, DisplayPresentTime=2638053324923, CommandSubmissionCompleted=2643219569848,
08-05 10:50:25.686   598   623 W ziparchive: Unable to open '/data/app/~~N5HgUPdAqmyeEzVPPuxkkQ==/com.example.dogglers-mWtP4G6-bAoNQ-wX51npqA==/base.dm': No such file or directory
08-05 10:50:25.692   598   623 I ActivityTaskManager: Displayed com.example.dogglers/.HorizontalListActivity: +1s961ms
08-05 10:50:25.692   402   402 W RanchuHwc: presentDisplay display has no layers to compose, flushing client target buffer.
08-05 10:50:25.710   402   402 W RanchuHwc: presentDisplay display has no layers to compose, flushing client target buffer.
08-05 10:50:25.713  6296  6320 I OpenGLRenderer: Davey! duration=1674ms; Flags=1, FrameTimelineVsyncId=153794, IntendedVsync=2641607117003, Vsync=2641607117003, InputEventId=0, HandleInputStart=2641623413396, AnimationStart=2641623421750, PerformTraversalsStart=2641623422686, DrawStart=2643198076569, FrameDeadline=2641623783669, FrameInterval=2641623400786, FrameStartTime=16666666, SyncQueued=2643228417716, SyncStart=2643230266712, IssueDrawCommandsStart=2643230378566, SwapBuffers=2643255487992, FrameCompleted=2643283292621, DequeueBufferDuration=7830, QueueBufferDuration=240348, GpuCompleted=2643283292621, SwapBuffersCompleted=2643262904841, DisplayPresentTime=0, CommandSubmissionCompleted=2643255487992,
08-05 10:50:25.726   402   402 W RanchuHwc: presentDisplay display has no layers to compose, flushing client target buffer.
08-05 10:50:25.728  6296  6333 I OpenGLRenderer: Davey! duration=1651ms; Flags=0, FrameTimelineVsyncId=153838, IntendedVsync=2641640450335, Vsync=2643257116937, InputEventId=0, HandleInputStart=2643270040820, AnimationStart=2643270044121, PerformTraversalsStart=2643270408070, DrawStart=2643271367781, FrameDeadline=2641673783667, FrameInterval=2643269840590, FrameStartTime=16666666, SyncQueued=2643272289357, SyncStart=2643272334873, IssueDrawCommandsStart=2643272389777, SwapBuffers=2643282300865, FrameCompleted=2643292189451, DequeueBufferDuration=6446, QueueBufferDuration=188342, GpuCompleted=2643292189451, SwapBuffersCompleted=2643283383159, DisplayPresentTime=0, CommandSubmissionCompleted=2643282300865,
08-05 10:50:25.747   402   402 W RanchuHwc: presentDisplay display has no layers to compose, flushing client target buffer.
08-05 10:50:25.750  1263  1263 I GoogleInputMethodService: GoogleInputMethodService.onFinishInput():3204
08-05 10:50:25.753  1263  1263 I GoogleInputMethodService: GoogleInputMethodService.updateDeviceLockedStatus():2100 checkRepeatedly = false, unlocked = true
08-05 10:50:25.753  1263  1263 I GoogleInputMethodService: GoogleInputMethodService.onStartInput():1903 onStartInput(EditorInfo{inputType=0x0(NULL) imeOptions=0x0 privateImeOptions=null actionName=UNSPECIFIED actionLabel=null actionId=0 initialSelStart=-1 initialSelEnd=-1 initialCapsMode=0x0 hintText=null label=null packageName=com.example.dogglers fieldId=-1 fieldName=null extras=null}, false)
08-05 10:50:25.755  1263  1263 I GoogleInputMethodService: GoogleInputMethodService.updateDeviceLockedStatus():2100 checkRepeatedly = true, unlocked = true
08-05 10:50:25.764   402   402 W RanchuHwc: presentDisplay display has no layers to compose, flushing client target buffer.
08-05 10:50:25.785   402   402 W RanchuHwc: presentDisplay display has no layers to compose, flushing client target buffer.
08-05 10:50:25.799   402   402 W RanchuHwc: presentDisplay display has no layers to compose, flushing client target buffer.
08-05 10:50:25.809   402   402 W RanchuHwc: presentDisplay display has no layers to compose, flushing client target buffer.
08-05 10:50:25.824   402   402 W RanchuHwc: presentDisplay display has no layers to compose, flushing client target buffer.
08-05 10:50:25.837   402   402 W RanchuHwc: presentDisplay display has no layers to compose, flushing client target buffer.
08-05 10:50:25.851   402   402 W RanchuHwc: presentDisplay display has no layers to compose, flushing client target buffer.
08-05 10:50:25.867   402   402 W RanchuHwc: presentDisplay display has no layers to compose, flushing client target buffer.
08-05 10:50:25.884   402   402 W RanchuHwc: presentDisplay display has no layers to compose, flushing client target buffer.
08-05 10:50:25.899   402   402 W RanchuHwc: presentDisplay display has no layers to compose, flushing client target buffer.
08-05 10:50:25.917   402   402 W RanchuHwc: presentDisplay display has no layers to compose, flushing client target buffer.
08-05 10:50:25.931   402   402 W RanchuHwc: presentDisplay display has no layers to compose, flushing client target buffer.
08-05 10:50:25.947   402   402 W RanchuHwc: presentDisplay display has no layers to compose, flushing client target buffer.
08-05 10:50:25.961   402   402 W RanchuHwc: presentDisplay display has no layers to compose, flushing client target buffer.
08-05 10:50:25.978   402   402 W RanchuHwc: presentDisplay display has no layers to compose, flushing client target buffer.
08-05 10:50:25.994   402   402 W RanchuHwc: presentDisplay display has no layers to compose, flushing client target buffer.
08-05 10:50:25.997  6296  6296 I ViewInteraction: Checking 'com.example.dogglers.BaseTest$DrawableMatcher$RecyclerViewAssertion@e53b613' assertion on view view.getId() is <2131230949/com.example.dogglers:id/horizontal_recycler_view>
08-05 10:50:26.011   402   402 W RanchuHwc: presentDisplay display has no layers to compose, flushing client target buffer.
08-05 10:50:26.022  6296  6296 D LifecycleMonitor: Lifecycle status change: com.example.dogglers.HorizontalListActivity@85302a7 in: PAUSED
08-05 10:50:26.022  6296  6296 V ActivityScenario: Update currentActivityStage to PAUSED, currentActivity=com.example.dogglers.HorizontalListActivity@85302a7
08-05 10:50:26.022   598  1663 W InputManager-JNI: Input channel object '79ce371 Splash Screen com.example.dogglers (client)' was disposed without first being removed with the input manager!
08-05 10:50:26.028   402   402 W RanchuHwc: presentDisplay display has no layers to compose, flushing client target buffer.
08-05 10:50:26.033  6296  6296 D LifecycleMonitor: Lifecycle status change: androidx.test.core.app.InstrumentationActivityInvoker$EmptyActivity@5bfaa05 in: PRE_ON_CREATE
08-05 10:50:26.033  6296  6296 V ActivityScenario: Activity lifecycle changed event received but ignored because the intent does not match. startActivityIntent=Intent { act=android.intent.action.MAIN cat=[android.intent.category.LAUNCHER] cmp=com.example.dogglers/.HorizontalListActivity }, activity.getIntent()=Intent { act=android.intent.action.MAIN cat=[android.intent.category.LAUNCHER] flg=0x10000000 cmp=com.example.dogglers/androidx.test.core.app.InstrumentationActivityInvoker$EmptyActivity }, activity=androidx.test.core.app.InstrumentationActivityInvoker$EmptyActivity@5bfaa05
08-05 10:50:26.039  6296  6296 D LifecycleMonitor: Lifecycle status change: androidx.test.core.app.InstrumentationActivityInvoker$EmptyActivity@5bfaa05 in: CREATED
08-05 10:50:26.040  6296  6296 V ActivityScenario: Activity lifecycle changed event received but ignored because the intent does not match. startActivityIntent=Intent { act=android.intent.action.MAIN cat=[android.intent.category.LAUNCHER] cmp=com.example.dogglers/.HorizontalListActivity }, activity.getIntent()=Intent { act=android.intent.action.MAIN cat=[android.intent.category.LAUNCHER] flg=0x10000000 cmp=com.example.dogglers/androidx.test.core.app.InstrumentationActivityInvoker$EmptyActivity }, activity=androidx.test.core.app.InstrumentationActivityInvoker$EmptyActivity@5bfaa05
08-05 10:50:26.041  6296  6296 D LifecycleMonitor: Lifecycle status change: androidx.test.core.app.InstrumentationActivityInvoker$EmptyActivity@5bfaa05 in: STARTED
08-05 10:50:26.043  6296  6296 V ActivityScenario: Activity lifecycle changed event received but ignored because the intent does not match. startActivityIntent=Intent { act=android.intent.action.MAIN cat=[android.intent.category.LAUNCHER] cmp=com.example.dogglers/.HorizontalListActivity }, activity.getIntent()=Intent { act=android.intent.action.MAIN cat=[android.intent.category.LAUNCHER] flg=0x10000000 cmp=com.example.dogglers/androidx.test.core.app.InstrumentationActivityInvoker$EmptyActivity }, activity=androidx.test.core.app.InstrumentationActivityInvoker$EmptyActivity@5bfaa05
08-05 10:50:26.044   402   402 W RanchuHwc: presentDisplay display has no layers to compose, flushing client target buffer.
08-05 10:50:26.047  6296  6296 D LifecycleMonitor: Lifecycle status change: androidx.test.core.app.InstrumentationActivityInvoker$EmptyActivity@5bfaa05 in: RESUMED
08-05 10:50:26.049  6296  6296 V ActivityScenario: Activity lifecycle changed event received but ignored because the intent does not match. startActivityIntent=Intent { act=android.intent.action.MAIN cat=[android.intent.category.LAUNCHER] cmp=com.example.dogglers/.HorizontalListActivity }, activity.getIntent()=Intent { act=android.intent.action.MAIN cat=[android.intent.category.LAUNCHER] flg=0x10000000 cmp=com.example.dogglers/androidx.test.core.app.InstrumentationActivityInvoker$EmptyActivity }, activity=androidx.test.core.app.InstrumentationActivityInvoker$EmptyActivity@5bfaa05
08-05 10:50:26.061   402   402 W RanchuHwc: presentDisplay display has no layers to compose, flushing client target buffer.
08-05 10:50:26.069   397   438 D goldfish-address-space: claimShared: Ask to claim region [0x3ecc06000 0x3ed56b000]
08-05 10:50:26.073   397   438 D goldfish-address-space: claimShared: Ask to claim region [0x3f12ca000 0x3f1c2f000]
08-05 10:50:26.074   397   438 D goldfish-address-space: claimShared: Ask to claim region [0x3f319a000 0x3f3aff000]
08-05 10:50:26.078   402   402 W RanchuHwc: presentDisplay display has no layers to compose, flushing client target buffer.
08-05 10:50:26.088  6296  6319 W Parcel  : Expecting binder but got null!
08-05 10:50:26.090   598   623 I ActivityTaskManager: Displayed com.example.dogglers/androidx.test.core.app.InstrumentationActivityInvoker$EmptyActivity: +75ms
08-05 10:50:26.095   402   402 W RanchuHwc: presentDisplay display has no layers to compose, flushing client target buffer.
08-05 10:50:26.107  6296  6296 D LifecycleMonitor: Lifecycle status change: com.example.dogglers.HorizontalListActivity@85302a7 in: STOPPED
08-05 10:50:26.109  6296  6296 V ActivityScenario: Update currentActivityStage to STOPPED, currentActivity=com.example.dogglers.HorizontalListActivity@85302a7
08-05 10:50:26.112  6296  6296 D LifecycleMonitor: Lifecycle status change: com.example.dogglers.HorizontalListActivity@85302a7 in: DESTROYED
08-05 10:50:26.112  6296  6296 V ActivityScenario: Update currentActivityStage to DESTROYED, currentActivity=null
08-05 10:50:26.113   402   402 W RanchuHwc: presentDisplay display has no layers to compose, flushing client target buffer.
08-05 10:50:26.117   598  1663 W InputManager-JNI: Input channel object 'd9c8ae1 com.example.dogglers/com.example.dogglers.HorizontalListActivity (client)' was disposed without first being removed with the input manager!
08-05 10:50:26.122  6296  6296 D LifecycleMonitor: Lifecycle status change: androidx.test.core.app.InstrumentationActivityInvoker$EmptyActivity@5bfaa05 in: PAUSED
08-05 10:50:26.123  6296  6296 V ActivityScenario: Activity lifecycle changed event received but ignored because the intent does not match. startActivityIntent=Intent { act=android.intent.action.MAIN cat=[android.intent.category.LAUNCHER] cmp=com.example.dogglers/.HorizontalListActivity }, activity.getIntent()=Intent { act=android.intent.action.MAIN cat=[android.intent.category.LAUNCHER] flg=0x10000000 cmp=com.example.dogglers/androidx.test.core.app.InstrumentationActivityInvoker$EmptyActivity }, activity=androidx.test.core.app.InstrumentationActivityInvoker$EmptyActivity@5bfaa05
08-05 10:50:26.128   402   402 W RanchuHwc: presentDisplay display has no layers to compose, flushing client target buffer.
08-05 10:50:26.135  1263  1263 I GoogleInputMethodService: GoogleInputMethodService.onFinishInput():3204
08-05 10:50:26.135  1263  1263 I GoogleInputMethodService: GoogleInputMethodService.updateDeviceLockedStatus():2100 checkRepeatedly = false, unlocked = true
08-05 10:50:26.136  1263  1263 I GoogleInputMethodService: GoogleInputMethodService.onStartInput():1903 onStartInput(EditorInfo{inputType=0x0(NULL) imeOptions=0x0 privateImeOptions=null actionName=UNSPECIFIED actionLabel=null actionId=0 initialSelStart=-1 initialSelEnd=-1 initialCapsMode=0x0 hintText=null label=null packageName=com.example.dogglers fieldId=-1 fieldName=null extras=null}, false)
08-05 10:50:26.136  1263  1263 I GoogleInputMethodService: GoogleInputMethodService.updateDeviceLockedStatus():2100 checkRepeatedly = true, unlocked = true
08-05 10:50:26.136  6296  6296 D LifecycleMonitor: Lifecycle status change: androidx.test.core.app.InstrumentationActivityInvoker$BootstrapActivity@6dd5489 in: DESTROYED
08-05 10:50:26.137  6296  6296 V ActivityScenario: Activity lifecycle changed event received but ignored because the intent does not match. startActivityIntent=Intent { act=android.intent.action.MAIN cat=[android.intent.category.LAUNCHER] cmp=com.example.dogglers/.HorizontalListActivity }, activity.getIntent()=Intent { act=android.intent.action.MAIN cat=[android.intent.category.LAUNCHER] flg=0x10008000 cmp=com.example.dogglers/androidx.test.core.app.InstrumentationActivityInvoker$BootstrapActivity (has extras) }, activity=androidx.test.core.app.InstrumentationActivityInvoker$BootstrapActivity@6dd5489
08-05 10:50:26.141  6296  6296 D LifecycleMonitor: Lifecycle status change: androidx.test.core.app.InstrumentationActivityInvoker$EmptyActivity@64ace0a in: PRE_ON_CREATE
08-05 10:50:26.141  6296  6296 V ActivityScenario: Activity lifecycle changed event received but ignored because the intent does not match. startActivityIntent=Intent { act=android.intent.action.MAIN cat=[android.intent.category.LAUNCHER] cmp=com.example.dogglers/.HorizontalListActivity }, activity.getIntent()=Intent { act=android.intent.action.MAIN cat=[android.intent.category.LAUNCHER] flg=0x10000000 cmp=com.example.dogglers/androidx.test.core.app.InstrumentationActivityInvoker$EmptyActivity }, activity=androidx.test.core.app.InstrumentationActivityInvoker$EmptyActivity@64ace0a
08-05 10:50:26.145   402   402 W RanchuHwc: presentDisplay display has no layers to compose, flushing client target buffer.
08-05 10:50:26.149  6296  6296 D LifecycleMonitor: Lifecycle status change: androidx.test.core.app.InstrumentationActivityInvoker$EmptyActivity@64ace0a in: CREATED
08-05 10:50:26.150  6296  6296 V ActivityScenario: Activity lifecycle changed event received but ignored because the intent does not match. startActivityIntent=Intent { act=android.intent.action.MAIN cat=[android.intent.category.LAUNCHER] cmp=com.example.dogglers/.HorizontalListActivity }, activity.getIntent()=Intent { act=android.intent.action.MAIN cat=[android.intent.category.LAUNCHER] flg=0x10000000 cmp=com.example.dogglers/androidx.test.core.app.InstrumentationActivityInvoker$EmptyActivity }, activity=androidx.test.core.app.InstrumentationActivityInvoker$EmptyActivity@64ace0a
08-05 10:50:26.151  6296  6296 D LifecycleMonitor: Lifecycle status change: androidx.test.core.app.InstrumentationActivityInvoker$EmptyActivity@64ace0a in: STARTED
08-05 10:50:26.151  6296  6296 V ActivityScenario: Activity lifecycle changed event received but ignored because the intent does not match. startActivityIntent=Intent { act=android.intent.action.MAIN cat=[android.intent.category.LAUNCHER] cmp=com.example.dogglers/.HorizontalListActivity }, activity.getIntent()=Intent { act=android.intent.action.MAIN cat=[android.intent.category.LAUNCHER] flg=0x10000000 cmp=com.example.dogglers/androidx.test.core.app.InstrumentationActivityInvoker$EmptyActivity }, activity=androidx.test.core.app.InstrumentationActivityInvoker$EmptyActivity@64ace0a
08-05 10:50:26.153  6296  6296 D LifecycleMonitor: Lifecycle status change: androidx.test.core.app.InstrumentationActivityInvoker$EmptyActivity@64ace0a in: RESUMED
08-05 10:50:26.154  6296  6296 V ActivityScenario: Activity lifecycle changed event received but ignored because the intent does not match. startActivityIntent=Intent { act=android.intent.action.MAIN cat=[android.intent.category.LAUNCHER] cmp=com.example.dogglers/.HorizontalListActivity }, activity.getIntent()=Intent { act=android.intent.action.MAIN cat=[android.intent.category.LAUNCHER] flg=0x10000000 cmp=com.example.dogglers/androidx.test.core.app.InstrumentationActivityInvoker$EmptyActivity }, activity=androidx.test.core.app.InstrumentationActivityInvoker$EmptyActivity@64ace0a
08-05 10:50:26.161   402   402 W RanchuHwc: presentDisplay display has no layers to compose, flushing client target buffer.
08-05 10:50:26.172   397   438 D goldfish-address-space: claimShared: Ask to claim region [0x3ed56b000 0x3eded0000]
08-05 10:50:26.177   402   402 W RanchuHwc: presentDisplay display has no layers to compose, flushing client target buffer.
08-05 10:50:26.178   397   438 D goldfish-address-space: claimShared: Ask to claim region [0x3f0965000 0x3f12ca000]
08-05 10:50:26.185   397   438 D goldfish-address-space: claimShared: Ask to claim region [0x3f1c2f000 0x3f2594000]
08-05 10:50:26.186  6296  6319 W Parcel  : Expecting binder but got null!
08-05 10:50:26.189   598   623 I ActivityTaskManager: Displayed com.example.dogglers/androidx.test.core.app.InstrumentationActivityInvoker$EmptyActivity: +85ms
08-05 10:50:26.195   402   402 W RanchuHwc: presentDisplay display has no layers to compose, flushing client target buffer.
08-05 10:50:26.200  6296  6296 D LifecycleMonitor: Lifecycle status change: androidx.test.core.app.InstrumentationActivityInvoker$EmptyActivity@5bfaa05 in: STOPPED
08-05 10:50:26.201  6296  6296 V ActivityScenario: Activity lifecycle changed event received but ignored because the intent does not match. startActivityIntent=Intent { act=android.intent.action.MAIN cat=[android.intent.category.LAUNCHER] cmp=com.example.dogglers/.HorizontalListActivity }, activity.getIntent()=Intent { act=android.intent.action.MAIN cat=[android.intent.category.LAUNCHER] flg=0x10000000 cmp=com.example.dogglers/androidx.test.core.app.InstrumentationActivityInvoker$EmptyActivity }, activity=androidx.test.core.app.InstrumentationActivityInvoker$EmptyActivity@5bfaa05
08-05 10:50:26.204   397   438 D goldfish-address-space: claimShared: Ask to claim region [0x3f319a000 0x3f379d000]
08-05 10:50:26.212   402   402 W RanchuHwc: presentDisplay display has no layers to compose, flushing client target buffer.
08-05 10:50:26.227   402   402 W RanchuHwc: presentDisplay display has no layers to compose, flushing client target buffer.
08-05 10:50:26.228  1263  1263 I GoogleInputMethodService: GoogleInputMethodService.onFinishInput():3204
08-05 10:50:26.229  1263  1263 I GoogleInputMethodService: GoogleInputMethodService.updateDeviceLockedStatus():2100 checkRepeatedly = false, unlocked = true
08-05 10:50:26.229  6296  6296 D LifecycleMonitor: Lifecycle status change: androidx.test.core.app.InstrumentationActivityInvoker$EmptyActivity@5bfaa05 in: DESTROYED
08-05 10:50:26.229  1263  1263 I GoogleInputMethodService: GoogleInputMethodService.onStartInput():1903 onStartInput(EditorInfo{inputType=0x0(NULL) imeOptions=0x0 privateImeOptions=null actionName=UNSPECIFIED actionLabel=null actionId=0 initialSelStart=-1 initialSelEnd=-1 initialCapsMode=0x0 hintText=null label=null packageName=com.example.dogglers fieldId=-1 fieldName=null extras=null}, false)
08-05 10:50:26.229  6296  6296 V ActivityScenario: Activity lifecycle changed event received but ignored because the intent does not match. startActivityIntent=Intent { act=android.intent.action.MAIN cat=[android.intent.category.LAUNCHER] cmp=com.example.dogglers/.HorizontalListActivity }, activity.getIntent()=Intent { act=android.intent.action.MAIN cat=[android.intent.category.LAUNCHER] flg=0x10000000 cmp=com.example.dogglers/androidx.test.core.app.InstrumentationActivityInvoker$EmptyActivity }, activity=androidx.test.core.app.InstrumentationActivityInvoker$EmptyActivity@5bfaa05
08-05 10:50:26.230  1263  1263 I GoogleInputMethodService: GoogleInputMethodService.updateDeviceLockedStatus():2100 checkRepeatedly = true, unlocked = true
08-05 10:50:26.233   598  1930 W InputManager-JNI: Input channel object 'df8d3f0 com.example.dogglers/androidx.test.core.app.InstrumentationActivityInvoker$EmptyActivity (client)' was disposed without first being removed with the input manager!
08-05 10:50:26.245   402   402 W RanchuHwc: presentDisplay display has no layers to compose, flushing client target buffer.
08-05 10:50:26.245  6296  6296 D LifecycleMonitor: Lifecycle status change: androidx.test.core.app.InstrumentationActivityInvoker$EmptyActivity@64ace0a in: PAUSED
08-05 10:50:26.245  6296  6296 V ActivityScenario: Activity lifecycle changed event received but ignored because the intent does not match. startActivityIntent=Intent { act=android.intent.action.MAIN cat=[android.intent.category.LAUNCHER] cmp=com.example.dogglers/.HorizontalListActivity }, activity.getIntent()=Intent { act=android.intent.action.MAIN cat=[android.intent.category.LAUNCHER] flg=0x10000000 cmp=com.example.dogglers/androidx.test.core.app.InstrumentationActivityInvoker$EmptyActivity }, activity=androidx.test.core.app.InstrumentationActivityInvoker$EmptyActivity@64ace0a
08-05 10:50:26.251  6296  6317 I TestRunner: finished: recycler_view_item_count(com.example.dogglers.HorizontalListTests)
